
Memory Configuration

Name             Origin             Length             Attributes
FLASH            0x08000000         0x00020000         xr
*default*        0x00000000         0xffffffff

Linker script and memory map


.text           0x08000000      0x138
 *(.isr_vector)
 .isr_vector    0x08000000       0x28 start.o
                0x08000000                isr_vectors
 *(.text)
 .text          0x08000028       0x70 start.o
                0x08000028                reset_handler
                0x08000034                nmi_handler
                0x08000048                hardfault_handler
                0x0800005c                memmanage_handler
                0x08000070                busfault_handler
                0x08000084                usagefault_handler
 .text          0x08000098       0xa0 main.o
                0x08000098                puts
                0x080000d8                main
                0x20000800                _estack = 0x20000800
                [!provide]                PROVIDE (_estack = 0x20000800)
LOAD start.o
LOAD main.o
OUTPUT(kernel.elf elf32-littlearm)
LOAD linker stubs

.rodata         0x08000138       0x6a
 .rodata        0x08000138       0x5c start.o
 .rodata        0x08000194        0xe main.o

.data           0x080001a2        0x0
 .data          0x080001a2        0x0 start.o
 .data          0x080001a2        0x0 main.o

.igot.plt       0x080001a4        0x0
 .igot.plt      0x080001a4        0x0 start.o

.glue_7         0x080001a4        0x0
 .glue_7        0x080001a4        0x0 linker stubs

.glue_7t        0x080001a4        0x0
 .glue_7t       0x080001a4        0x0 linker stubs

.vfp11_veneer   0x080001a4        0x0
 .vfp11_veneer  0x080001a4        0x0 linker stubs

.v4_bx          0x080001a4        0x0
 .v4_bx         0x080001a4        0x0 linker stubs

.iplt           0x080001a4        0x0
 .iplt          0x080001a4        0x0 start.o

.rel.dyn        0x080001a4        0x0
 .rel.iplt      0x080001a4        0x0 start.o

.bss            0x080001a2        0x0
 .bss           0x080001a2        0x0 start.o
 .bss           0x080001a2        0x0 main.o

.debug_info     0x00000000      0x212
 .debug_info    0x00000000      0x128 start.o
 .debug_info    0x00000128       0xea main.o

.debug_abbrev   0x00000000      0x124
 .debug_abbrev  0x00000000       0x92 start.o
 .debug_abbrev  0x00000092       0x92 main.o

.debug_aranges  0x00000000       0x40
 .debug_aranges
                0x00000000       0x20 start.o
 .debug_aranges
                0x00000020       0x20 main.o

.debug_line     0x00000000      0x339
 .debug_line    0x00000000      0x187 start.o
 .debug_line    0x00000187      0x1b2 main.o

.debug_str      0x00000000      0x17c
 .debug_str     0x00000000      0x160 start.o
                                0x19d (size before relaxing)
 .debug_str     0x00000160       0x1c main.o
                                0x147 (size before relaxing)

.comment        0x00000000       0x4d
 .comment       0x00000000       0x4d start.o
                                 0x4e (size before relaxing)
 .comment       0x0000004d       0x4e main.o

.ARM.attributes
                0x00000000       0x2d
 .ARM.attributes
                0x00000000       0x2d start.o
 .ARM.attributes
                0x0000002d       0x2d main.o

.debug_frame    0x00000000      0x10c
 .debug_frame   0x00000000       0xb8 start.o
 .debug_frame   0x000000b8       0x54 main.o
